---
layout: post
title: Liunx查看系统配置
---

#### 查看系统内存
> free -mh
<!-- more -->
结果

    [root@host php-7.2.3]# free -mh
                total       used       free     shared    buffers     cached
    Mem:          506M        66M       440M         0B       3.3M        11M
    -/+ buffers/cache:        51M       454M
    Swap:         131M        30M       101M

#### 查看硬盘大小
> fdisk -l

结果
    
    [root@host bin]# fdisk -l

    Disk /dev/sda: 11.8 GB, 11811160064 bytes
    64 heads, 32 sectors/track, 11264 cylinders
    Units = cylinders of 2048 * 512 = 1048576 bytes
    Sector size (logical/physical): 512 bytes / 512 bytes
    I/O size (minimum/optimal): 512 bytes / 512 bytes
    Disk identifier: 0x0002121f

    Device Boot      Start         End      Blocks   Id  System
    /dev/sda1   *           2         301      307200   83  Linux
    Partition 1 does not end on cylinder boundary.
    /dev/sda2             302       11263    11224896   83  Linux
    Partition 2 does not end on cylinder boundary.
